{
    "code": "INVALID_ARGUMENTS",
    "message": "Invalid arguments",
    "details": [
        {
            "status": "422",
            "source": {
                "pointer": "\/params\/sorts"
            },
            "title": "Invalid sorts",
            "detail": "Requested sorts `sort1` is not allowed. Allowed sorts are `sort2, sort3`.",
            "meta": {
                "unknown": "sort1",
                "allowed": "sort2, sort3"
            }
        }
    ]
}